// Jest Snapshot v1, https://goo.gl/fbAQLP

exports[`Leaders component matches snapshot 1`] = `
<DocumentFragment>
  <h2>
    Loading...
  </h2>
</DocumentFragment>
`;
