// Jest Snapshot v1, https://goo.gl/fbAQLP

exports[`<Login /> should match previous snapshot 1`] = `
Object {
  "asFragment": [Function],
  "baseElement": <body>
    <div>
      <div>
        <img
          alt="employee poll"
          class="login-pic"
          src="https://i.ibb.co/9pMsBJX/employee.png"
        />
        <h2>
          Log In
        </h2>
        <form>
          <select
            class="login-form-input"
            data-testid="testId-name-input"
          >
            <option
              disabled=""
              selected=""
              value=""
            >
              Select User Name
            </option>
            <option
              value="Sarah Edo"
            >
              Sarah Edo
            </option>
            <option
              value="Tyler McGinnis"
            >
              Tyler McGinnis
            </option>
            <option
              value="Mike Tsamis"
            >
              Mike Tsamis
            </option>
            <option
              value="Zenobia Oshikanlu"
            >
              Zenobia Oshikanlu
            </option>
          </select>
          <input
            class="login-form-input"
            data-testid="testId-password-input"
            placeholder="Enter Password"
            readonly=""
            type="password"
            value=""
          />
          <input
            class="login-form-input"
            data-testid="testId-submit-button"
            type="submit"
          />
          <span
            data-testid="error-notifier"
            id="errorMessage"
            style="color: red;"
          />
        </form>
      </div>
    </div>
  </body>,
  "container": <div>
    <div>
      <img
        alt="employee poll"
        class="login-pic"
        src="https://i.ibb.co/9pMsBJX/employee.png"
      />
      <h2>
        Log In
      </h2>
      <form>
        <select
          class="login-form-input"
          data-testid="testId-name-input"
        >
          <option
            disabled=""
            selected=""
            value=""
          >
            Select User Name
          </option>
          <option
            value="Sarah Edo"
          >
            Sarah Edo
          </option>
          <option
            value="Tyler McGinnis"
          >
            Tyler McGinnis
          </option>
          <option
            value="Mike Tsamis"
          >
            Mike Tsamis
          </option>
          <option
            value="Zenobia Oshikanlu"
          >
            Zenobia Oshikanlu
          </option>
        </select>
        <input
          class="login-form-input"
          data-testid="testId-password-input"
          placeholder="Enter Password"
          readonly=""
          type="password"
          value=""
        />
        <input
          class="login-form-input"
          data-testid="testId-submit-button"
          type="submit"
        />
        <span
          data-testid="error-notifier"
          id="errorMessage"
          style="color: red;"
        />
      </form>
    </div>
  </div>,
  "debug": [Function],
  "findAllByAltText": [Function],
  "findAllByDisplayValue": [Function],
  "findAllByLabelText": [Function],
  "findAllByPlaceholderText": [Function],
  "findAllByRole": [Function],
  "findAllByTestId": [Function],
  "findAllByText": [Function],
  "findAllByTitle": [Function],
  "findByAltText": [Function],
  "findByDisplayValue": [Function],
  "findByLabelText": [Function],
  "findByPlaceholderText": [Function],
  "findByRole": [Function],
  "findByTestId": [Function],
  "findByText": [Function],
  "findByTitle": [Function],
  "getAllByAltText": [Function],
  "getAllByDisplayValue": [Function],
  "getAllByLabelText": [Function],
  "getAllByPlaceholderText": [Function],
  "getAllByRole": [Function],
  "getAllByTestId": [Function],
  "getAllByText": [Function],
  "getAllByTitle": [Function],
  "getByAltText": [Function],
  "getByDisplayValue": [Function],
  "getByLabelText": [Function],
  "getByPlaceholderText": [Function],
  "getByRole": [Function],
  "getByTestId": [Function],
  "getByText": [Function],
  "getByTitle": [Function],
  "queryAllByAltText": [Function],
  "queryAllByDisplayValue": [Function],
  "queryAllByLabelText": [Function],
  "queryAllByPlaceholderText": [Function],
  "queryAllByRole": [Function],
  "queryAllByTestId": [Function],
  "queryAllByText": [Function],
  "queryAllByTitle": [Function],
  "queryByAltText": [Function],
  "queryByDisplayValue": [Function],
  "queryByLabelText": [Function],
  "queryByPlaceholderText": [Function],
  "queryByRole": [Function],
  "queryByTestId": [Function],
  "queryByText": [Function],
  "queryByTitle": [Function],
  "rerender": [Function],
  "unmount": [Function],
}
`;
